python : EC:\Users\ka
i99\Desktop\New 
folder (2)\NeuroDSL-I
nfinity-Studio\parser
_utils.py:70: Pyparsi
ngDeprecationWarning:
 'setParseAction' 
deprecated - use 
'set_parse_action'
At line:1 char:1
+ python 
verify_phase9.py > 
test_log.txt 2>&1
+ ~~~~~~~~~~~~~~~~~~~
~~~~~~~~~~~~~~~~~~~~~
~~~
    + CategoryInfo   
           : NotSpe  
  cified: (EC:\Use   
 rs\kai99...t_par    
se_action':Strin    
g) [], RemoteExc    
eption
    + FullyQualified 
   ErrorId : Native  
  CommandError
 
  number = Word(nums)
.setParseAction(lambd
a t: int(t[0]))
C:\Users\kai99\Deskto
p\New folder (2)\Neur
oDSL-Infinity-Studio\
parser_utils.py:72: P
yparsingDeprecationWa
rning: 
'setParseAction' 
deprecated - use 
'set_parse_action'
  float_number = Rege
x(r'\d+\.?\d*').setPa
rseAction(lambda t: 
float(t[0]))
..
=====================
=====================
=====================
=======
ERROR: test_conv3d_bu
ild_and_forward (__ma
in__.TestPhase9.test_
conv3d_build_and_forw
ard)
---------------------
---------------------
---------------------
-------
Traceback (most 
recent call last):
  File "C:\Users\kai9
9\Desktop\New folder 
(2)\NeuroDSL-Infinity
-Studio\verify_phase9
.py", line 28, in tes
t_conv3d_build_and_fo
rward
    model = 
ModernMLP(layer_defs)
  File "C:\Users\kai9
9\Desktop\New folder 
(2)\NeuroDSL-Infinity
-Studio\network.py", 
line 402, in __init__
    self.layers.appen
d(Conv3DBlock(defn['d
im'],
                     
  ^^^^^^^^^^^
NameError: name 
'Conv3DBlock' is not 
defined. Did you 
mean: 'Conv1DBlock'?

---------------------
---------------------
---------------------
-------
Ran 3 tests in 0.037s

FAILED (errors=1)
